ASxxxx Assembler V02.00 + NoICE + SDCC mods  (Zilog Z80 / Hitachi HD64180), page 1.
Hexadecimal [16-Bits]



                              1 ;; File 'src/map/mappk4.s' generated using cpct_pack
                              2 ;; Compresor used:   zx7b
                              3 ;; Files compressed: [ 'src/map4.bin' ]
                              4 ;; Uncompressed:     1680 bytes
                              5 ;; Compressed:       378 bytes
                              6 ;; Space saved:      1302 bytes
                              7 ;;
                              8 
                              9 ;; Data array definition
   0000                      10 _mappk4::
   0000 AB AA 32 6C 6D 6D    11    .db  0xab, 0xaa, 0x32, 0x6c, 0x6d, 0x6d, 0x6e, 0x4c, 0x0f, 0x83, 0x4e, 0x71, 0x07, 0x0a, 0x05, 0xf7
        6E 4C 0F 83 4E 71
        07 0A 05 F7
   0010 07 05 DC 3F 31 37    12    .db  0x07, 0x05, 0xdc, 0x3f, 0x31, 0x37, 0xcf, 0x29, 0x0e, 0x1e, 0x1e, 0x0e, 0x4d, 0x0f, 0xc1, 0x4e
        CF 29 0E 1E 1E 0E
        4D 0F C1 4E
   0020 B8 07 0A FB 81 07    13    .db  0xb8, 0x07, 0x0a, 0xfb, 0x81, 0x07, 0xee, 0xda, 0x52, 0x40, 0x04, 0x5a, 0xf5, 0x4f, 0x4d, 0x00
        EE DA 52 40 04 5A
        F5 4F 4D 00
   0030 5F 0E A2 A2 0F 05    14    .db  0x5f, 0x0e, 0xa2, 0xa2, 0x0f, 0x05, 0xc7, 0x07, 0x30, 0x05, 0x07, 0x77, 0x8e, 0x4a, 0x8b, 0x0d
        C7 07 30 05 07 77
        8E 4A 8B 0D
   0040 4C 23 24 4E 32 61    15    .db  0x4c, 0x23, 0x24, 0x4e, 0x32, 0x61, 0x0f, 0x1d, 0x05, 0x07, 0xc3, 0x05, 0x07, 0xdc, 0x02, 0xda
        0F 1D 05 07 C3 05
        07 DC 02 DA
   0050 A7 04 25 70 26 4F    16    .db  0xa7, 0x04, 0x25, 0x70, 0x26, 0x4f, 0x06, 0x07, 0x47, 0xd9, 0xa4, 0xd4, 0xa5, 0x4f, 0xcd, 0x83
        06 07 47 D9 A4 D4
        A5 4F CD 83
   0060 1C 4F 35 07 74 00    17    .db  0x1c, 0x4f, 0x35, 0x07, 0x74, 0x00, 0xd0, 0x4f, 0x17, 0x07, 0x07, 0xc7, 0x95, 0x4f, 0x07, 0x00
        D0 4F 17 07 07 C7
        95 4F 07 00
   0070 74 9F 48 4F C1 15    18    .db  0x74, 0x9f, 0x48, 0x4f, 0xc1, 0x15, 0x08, 0x4f, 0x14, 0x82, 0x50, 0x2b, 0xdf, 0x0b, 0x7a, 0x98
        08 4F 14 82 50 2B
        DF 0B 7A 98
   0080 03 A3 04 4F BE FB    19    .db  0x03, 0xa3, 0x04, 0x4f, 0xbe, 0xfb, 0x42, 0x88, 0x8f, 0xb2, 0x7f, 0xba, 0x28, 0x8b, 0xab, 0x8f
        42 88 8F B2 7F BA
        28 8B AB 8F
   0090 B2 58 B8 09 2D 06    20    .db  0xb2, 0x58, 0xb8, 0x09, 0x2d, 0x06, 0x9f, 0xad, 0x05, 0xd1, 0x8e, 0x95, 0x40, 0x78, 0xff, 0x9f
        9F AD 05 D1 8E 95
        40 78 FF 9F
   00A0 45 8F 49 03 4E F5    21    .db  0x45, 0x8f, 0x49, 0x03, 0x4e, 0xf5, 0x9a, 0x6b, 0x93, 0x49, 0x54, 0x8f, 0x4c, 0x52, 0x4c, 0x4e
        9A 6B 93 49 54 8F
        4C 52 4C 4E
   00B0 F3 A6 4F 47 09 4F    22    .db  0xf3, 0xa6, 0x4f, 0x47, 0x09, 0x4f, 0xb5, 0xae, 0xb4, 0x4f, 0x0b, 0x01, 0x78, 0xe4, 0x07, 0x4f
        B5 AE B4 4F 0B 01
        78 E4 07 4F
   00C0 2C 09 55 EF 90 07    23    .db  0x2c, 0x09, 0x55, 0xef, 0x90, 0x07, 0x03, 0x1a, 0x54, 0xdb, 0x4f, 0xc6, 0x6f, 0x70, 0x71, 0x4f
        03 1A 54 DB 4F C6
        6F 70 71 4F
   00D0 C4 BF 46 00 72 73    24    .db  0xc4, 0xbf, 0x46, 0x00, 0x72, 0x73, 0x74, 0x4f, 0x62, 0x0b, 0x03, 0x73, 0x17, 0x4f, 0x75, 0x5c
        74 4F 62 0B 03 73
        17 4F 75 5C
   00E0 76 77 4F 29 EC 1D    25    .db  0x76, 0x77, 0x4f, 0x29, 0xec, 0x1d, 0xe2, 0x1a, 0xf5, 0x81, 0x4f, 0x27, 0x28, 0x29, 0x07, 0x0b
        E2 1A F5 81 4F 27
        28 29 07 0B
ASxxxx Assembler V02.00 + NoICE + SDCC mods  (Zilog Z80 / Hitachi HD64180), page 2.
Hexadecimal [16-Bits]



   00F0 C7 31 00 8E 08 82    26    .db  0xc7, 0x31, 0x00, 0x8e, 0x08, 0x82, 0x0b, 0x9f, 0x2a, 0x2b, 0x2c, 0x27, 0x8b, 0x20, 0x09, 0x07
        0B 9F 2A 2B 2C 27
        8B 20 09 07
   0100 17 62 A2 A4 4F 00    27    .db  0x17, 0x62, 0xa2, 0xa4, 0x4f, 0x00, 0xb9, 0x73, 0x03, 0x61, 0x8a, 0x2b, 0x2f, 0x99, 0xbf, 0xb1
        B9 73 03 61 8A 2B
        2F 99 BF B1
   0110 50 4E B9 4F A9 11    28    .db  0x50, 0x4e, 0xb9, 0x4f, 0xa9, 0x11, 0x12, 0x02, 0xb2, 0x24, 0x4f, 0x2f, 0x00, 0xe0, 0x26, 0x4f
        12 02 B2 24 4F 2F
        00 E0 26 4F
   0120 87 7A 60 03 0E 04    29    .db  0x87, 0x7a, 0x60, 0x03, 0x0e, 0x04, 0x4f, 0x7a, 0x08, 0x03, 0xa2, 0x41, 0x04, 0x4f, 0x1f, 0x09
        4F 7A 08 03 A2 41
        04 4F 1F 09
   0130 4F 34 0F E8 36 B8    30    .db  0x4f, 0x34, 0x0f, 0xe8, 0x36, 0xb8, 0x00, 0x09, 0x0f, 0x2e, 0x09, 0x07, 0xd1, 0x4f, 0x17, 0x6a
        00 09 0F 2E 09 07
        D1 4F 17 6A
   0140 4F 07 00 25 07 5D    31    .db  0x4f, 0x07, 0x00, 0x25, 0x07, 0x5d, 0x03, 0x4e, 0x70, 0x07, 0x09, 0x0f, 0x10, 0x4f, 0x16, 0x4e
        03 4E 70 07 09 0F
        10 4F 16 4E
   0150 07 00 0E 08 07 AD    32    .db  0x07, 0x00, 0x0e, 0x08, 0x07, 0xad, 0x01, 0x03, 0xee, 0x4f, 0x4d, 0x50, 0x51, 0x49, 0x49, 0x4a
        01 03 EE 4F 4D 50
        51 49 49 4A
   0160 4B 00 4E 07 00 72    33    .db  0x4b, 0x00, 0x4e, 0x07, 0x00, 0x72, 0x1c, 0x4f, 0xad, 0x26, 0x9a, 0x27, 0x03, 0x61, 0xa2, 0x04
        1C 4F AD 26 9A 27
        03 61 A2 04
   0170 05 09 BF 00 40 01    34    .db  0x05, 0x09, 0xbf, 0x00, 0x40, 0x01, 0x6b, 0x4c, 0x54, 0x4d
        6B 4C 54 4D
                             35 ;; Address of the latest byte of the compressed array (for unpacking purposes)
                     0179    36 _mappk4_end == . - 1
                             37 
