ASxxxx Assembler V02.00 + NoICE + SDCC mods  (Zilog Z80 / Hitachi HD64180), page 1.
Hexadecimal [16-Bits]



                              1 ;; File 'src/map/mappk3.s' generated using cpct_pack
                              2 ;; Compresor used:   zx7b
                              3 ;; Files compressed: [ 'src/map3.bin' ]
                              4 ;; Uncompressed:     1680 bytes
                              5 ;; Compressed:       528 bytes
                              6 ;; Space saved:      1152 bytes
                              7 ;;
                              8 
                              9 ;; Data array definition
   0000                      10 _mappk3::
   0000 AB AA 9A 92 27 89    11    .db  0xab, 0xaa, 0x9a, 0x92, 0x27, 0x89, 0x6c, 0x00, 0x6d, 0x6e, 0x4f, 0x9a, 0x11, 0xd3, 0xab, 0xde
        6C 00 6D 6E 4F 9A
        11 D3 AB DE
   0010 41 27 1E 27 53 C8    12    .db  0x41, 0x27, 0x1e, 0x27, 0x53, 0xc8, 0xda, 0x4c, 0x27, 0xd3, 0x86, 0x25, 0x00, 0xf0, 0x05, 0x31
        DA 4C 27 D3 86 25
        00 F0 05 31
   0020 00 0E 5F 01 4C 4D    13    .db  0x00, 0x0e, 0x5f, 0x01, 0x4c, 0x4d, 0x27, 0xb3, 0xb2, 0x15, 0x97, 0x5e, 0x88, 0xba, 0x93, 0xaf
        27 B3 B2 15 97 5E
        88 BA 93 AF
   0030 4E 5A B2 07 21 EB    14    .db  0x4e, 0x5a, 0xb2, 0x07, 0x21, 0xeb, 0x5b, 0x10, 0xc3, 0xd6, 0xaf, 0x09, 0xaa, 0x2b, 0xb0, 0x9a
        5B 10 C3 D6 AF 09
        AA 2B B0 9A
   0040 02 91 6B 27 5D 00    15    .db  0x02, 0x91, 0x6b, 0x27, 0x5d, 0x00, 0x9f, 0x87, 0x08, 0x35, 0xc2, 0xc5, 0x09, 0x34, 0x36, 0x1d
        9F 87 08 35 C2 C5
        09 34 36 1D
   0050 86 27 C6 0F 75 09    16    .db  0x86, 0x27, 0xc6, 0x0f, 0x75, 0x09, 0xdc, 0xb4, 0x08, 0xd9, 0x15, 0xae, 0x06, 0x27, 0x53, 0xdf
        DC B4 08 D9 15 AE
        06 27 53 DF
   0060 48 97 84 B3 71 16    17    .db  0x48, 0x97, 0x84, 0xb3, 0x71, 0x16, 0x31, 0x8f, 0xbc, 0xc4, 0xb1, 0x4a, 0xf9, 0x95, 0x49, 0x84
        31 8F BC C4 B1 4A
        F9 95 49 84
   0070 B3 A1 F2 84 27 2B    18    .db  0xb3, 0xa1, 0xf2, 0x84, 0x27, 0x2b, 0x7b, 0xb8, 0xbf, 0xb6, 0xaf, 0xc2, 0x6a, 0xc8, 0x00, 0xeb
        7B B8 BF B6 AF C2
        6A C8 00 EB
   0080 E1 5A 62 9F AD 0F    19    .db  0xe1, 0x5a, 0x62, 0x9f, 0xad, 0x0f, 0x1c, 0x6b, 0x60, 0x9a, 0x85, 0x27, 0x86, 0x5f, 0x32, 0x27
        1C 6B 60 9A 85 27
        86 5F 32 27
   0090 DC DA 29 B8 09 CA    20    .db  0xdc, 0xda, 0x29, 0xb8, 0x09, 0xca, 0xe7, 0x02, 0xd6, 0x13, 0x1c, 0x73, 0x57, 0xea, 0x0a, 0x10
        E7 02 D6 13 1C 73
        57 EA 0A 10
   00A0 9F 13 C2 35 87 00    21    .db  0x9f, 0x13, 0xc2, 0x35, 0x87, 0x00, 0xd2, 0x0b, 0x75, 0x9f, 0x6d, 0x08, 0x27, 0xad, 0x03, 0x3b
        D2 0B 75 9F 6D 08
        27 AD 03 3B
   00B0 A7 09 CC 26 6F 70    22    .db  0xa7, 0x09, 0xcc, 0x26, 0x6f, 0x70, 0x71, 0x10, 0x0b, 0x27, 0x3b, 0x87, 0x42, 0x0a, 0xae, 0x21
        71 10 0B 27 3B 87
        42 0A AE 21
   00C0 B3 8C 4F 06 E1 72    23    .db  0xb3, 0x8c, 0x4f, 0x06, 0xe1, 0x72, 0x73, 0x74, 0x72, 0x6e, 0xe2, 0x4f, 0x03, 0x43, 0x77, 0xb3
        73 74 72 6E E2 4F
        03 43 77 B3
   00D0 12 09 27 06 ED 75    24    .db  0x12, 0x09, 0x27, 0x06, 0xed, 0x75, 0x76, 0x77, 0x72, 0x6e, 0xe2, 0x27, 0x28, 0xd7, 0x7f, 0xbf
        76 77 72 6E E2 27
        28 D7 7F BF
   00E0 8F 22 75 77 0D 27    25    .db  0x8f, 0x22, 0x75, 0x77, 0x0d, 0x27, 0x28, 0x29, 0x70, 0xb1, 0x27, 0x2b, 0x8f, 0x27, 0x6c, 0xea
        28 29 70 B1 27 2B
        8F 27 6C EA
ASxxxx Assembler V02.00 + NoICE + SDCC mods  (Zilog Z80 / Hitachi HD64180), page 2.
Hexadecimal [16-Bits]



   00F0 FF 04 EC 2A 2B 2C    26    .db  0xff, 0x04, 0xec, 0x2a, 0x2b, 0x2c, 0x86, 0xa0, 0x2b, 0x4d, 0x27, 0x83, 0x9f, 0xe3, 0x95, 0x15
        86 A0 2B 4D 27 83
        9F E3 95 15
   0100 A3 52 8D 5A 86 69    27    .db  0xa3, 0x52, 0x8d, 0x5a, 0x86, 0x69, 0x07, 0x2b, 0x77, 0x4f, 0x29, 0xc7, 0x4e, 0x70, 0xd7, 0x9c
        07 2B 77 4F 29 C7
        4E 70 D7 9C
   0110 C7 85 11 B2 11 F2    28    .db  0xc7, 0x85, 0x11, 0xb2, 0x11, 0xf2, 0xe4, 0x09, 0xe8, 0x25, 0x27, 0x0c, 0xdd, 0x27, 0x1c, 0x06
        E4 09 E8 25 27 0C
        DD 27 1C 06
   0120 0A 7C FF 27 27 09    29    .db  0x0a, 0x7c, 0xff, 0x27, 0x27, 0x09, 0x47, 0xb7, 0x32, 0x09, 0x27, 0x15, 0x7a, 0xa2, 0x65, 0x17
        47 B7 32 09 27 15
        7A A2 65 17
   0130 06 CD 09 27 01 CF    30    .db  0x06, 0xcd, 0x09, 0x27, 0x01, 0xcf, 0x3c, 0x3d, 0x07, 0x19, 0xa3, 0x27, 0xd2, 0x15, 0xd5, 0x00
        3C 3D 07 19 A3 27
        D2 15 D5 00
   0140 D6 27 13 D5 85 06    31    .db  0xd6, 0x27, 0x13, 0xd5, 0x85, 0x06, 0xc4, 0xc0, 0x84, 0x07, 0x71, 0x30, 0xe7, 0x06, 0x00, 0x0f
        C4 C0 84 07 71 30
        E7 06 00 0F
   0150 C7 09 50 C0 B0 F8    32    .db  0xc7, 0x09, 0x50, 0xc0, 0xb0, 0xf8, 0xc6, 0x77, 0x1a, 0x0d, 0x0d, 0x4a, 0x03, 0x21, 0xdc, 0x04
        C6 77 1A 0D 0D 4A
        03 21 DC 04
   0160 0D 27 08 6D 14 0E    33    .db  0x0d, 0x27, 0x08, 0x6d, 0x14, 0x0e, 0xbe, 0x42, 0x80, 0x00, 0x38, 0x3b, 0xc7, 0x8c, 0x27, 0x50
        BE 42 80 00 38 3B
        C7 8C 27 50
   0170 6B 8E CA 2A 8A 81    34    .db  0x6b, 0x8e, 0xca, 0x2a, 0x8a, 0x81, 0x03, 0x27, 0x08, 0x27, 0x6f, 0xd5, 0x85, 0x50, 0x75, 0x8e
        03 27 08 27 6F D5
        85 50 75 8E
   0180 59 8A 25 27 70 13    35    .db  0x59, 0x8a, 0x25, 0x27, 0x70, 0x13, 0x74, 0x29, 0x00, 0x7d, 0x03, 0x27, 0xf5, 0x05, 0x09, 0x11
        74 29 00 7D 03 27
        F5 05 09 11
   0190 1C BD 26 27 7A 03    36    .db  0x1c, 0xbd, 0x26, 0x27, 0x7a, 0x03, 0x1e, 0xfa, 0x00, 0xa9, 0xb8, 0x90, 0x5f, 0x59, 0xee, 0x7b
        1E FA 00 A9 B8 90
        5F 59 EE 7B
   01A0 27 2F D2 C2 80 00    37    .db  0x27, 0x2f, 0xd2, 0xc2, 0x80, 0x00, 0xa9, 0x43, 0x27, 0xba, 0x18, 0x1e, 0x9e, 0xd2, 0x90, 0x39
        A9 43 27 BA 18 1E
        9E D2 90 39
   01B0 41 42 02 8D 27 D6    38    .db  0x41, 0x42, 0x02, 0x8d, 0x27, 0xd6, 0x01, 0x43, 0x44, 0x7d, 0x9d, 0x2c, 0x4f, 0x28, 0xdf, 0x08
        01 43 44 7D 9D 2C
        4F 28 DF 08
   01C0 74 0D 00 CC 09 31    39    .db  0x74, 0x0d, 0x00, 0xcc, 0x09, 0x31, 0xf5, 0x45, 0x46, 0x47, 0x48, 0x23, 0x21, 0x4e, 0x27, 0x28
        F5 45 46 47 48 23
        21 4E 27 28
   01D0 CF 25 31 23 24 0D    40    .db  0xcf, 0x25, 0x31, 0x23, 0x24, 0x0d, 0x24, 0x00, 0x08, 0x57, 0x0f, 0x10, 0x27, 0x8c, 0x08, 0x06
        24 00 08 57 0F 10
        27 8C 08 06
   01E0 27 1C 06 FE 1E 03    41    .db  0x27, 0x1c, 0x06, 0xfe, 0x1e, 0x03, 0x1b, 0xcf, 0x06, 0x25, 0x26, 0x39, 0x06, 0xc7, 0x00, 0x08
        1B CF 06 25 26 39
        06 C7 00 08
   01F0 3E 3F 1D 0B 49 4A    42    .db  0x3e, 0x3f, 0x1d, 0x0b, 0x49, 0x4a, 0x4b, 0x39, 0x00, 0x90, 0x07, 0x08, 0x09, 0x09, 0x0d, 0x08
        4B 39 00 90 07 08
        09 09 0D 08
   0200 39 16 80 01 00 0A    43    .db  0x39, 0x16, 0x80, 0x01, 0x00, 0x0a, 0x00, 0xd7, 0x00, 0x38, 0x00, 0x40, 0x5a, 0x00, 0xab, 0x38
        00 D7 00 38 00 40
        5A 00 AB 38
                             44 ;; Address of the latest byte of the compressed array (for unpacking purposes)
ASxxxx Assembler V02.00 + NoICE + SDCC mods  (Zilog Z80 / Hitachi HD64180), page 3.
Hexadecimal [16-Bits]



                     020F    45 _mappk3_end == . - 1
                             46 
