ASxxxx Assembler V02.00 + NoICE + SDCC mods  (Zilog Z80 / Hitachi HD64180), page 1.
Hexadecimal [16-Bits]



                              1 ;; File 'src/map/mappk9.s' generated using cpct_pack
                              2 ;; Compresor used:   zx7b
                              3 ;; Files compressed: [ 'src/map9.bin' ]
                              4 ;; Uncompressed:     1680 bytes
                              5 ;; Compressed:       429 bytes
                              6 ;; Space saved:      1251 bytes
                              7 ;;
                              8 
                              9 ;; Data array definition
   0000                      10 _mappk9::
   0000 80 55 56 55 97 3B    11    .db  0x80, 0x55, 0x56, 0x55, 0x97, 0x3b, 0x82, 0x4f, 0x97, 0x6f, 0x08, 0x68, 0x97, 0xee, 0x15, 0x52
        82 4F 97 6F 08 68
        97 EE 15 52
   0010 15 88 97 0D 4F 7D    12    .db  0x15, 0x88, 0x97, 0x0d, 0x4f, 0x7d, 0x97, 0x47, 0x4f, 0x00, 0xf0, 0x10, 0x18, 0x4f, 0x74, 0xcf
        97 47 4F 00 F0 10
        18 4F 74 CF
   0020 8E E0 FF AC 0A AB    13    .db  0x8e, 0xe0, 0xff, 0xac, 0x0a, 0xab, 0x81, 0x99, 0xe9, 0xe2, 0x7a, 0xdf, 0x0a, 0xe3, 0x82, 0x99
        81 99 E9 E2 7A DF
        0A E3 82 99
   0030 38 13 6A FF 0A D2    14    .db  0x38, 0x13, 0x6a, 0xff, 0x0a, 0xd2, 0xd5, 0xee, 0x19, 0x38, 0xd3, 0xe2, 0x57, 0x59, 0x16, 0xab
        D5 EE 19 38 D3 E2
        57 59 16 AB
   0040 0A 0B BB 04 6E DC    15    .db  0x0a, 0x0b, 0xbb, 0x04, 0x6e, 0xdc, 0x2c, 0x61, 0x16, 0xb8, 0x0a, 0xba, 0x6f, 0x70, 0x71, 0x0b
        2C 61 16 B8 0A BA
        6F 70 71 0B
   0050 08 00 C7 FF 59 14    16    .db  0x08, 0x00, 0xc7, 0xff, 0x59, 0x14, 0x0a, 0x7d, 0x72, 0x73, 0x74, 0x38, 0xc5, 0x29, 0x36, 0xfa
        0A 7D 72 73 74 38
        C5 29 36 FA
   0060 4F A1 14 43 BB 75    17    .db  0x4f, 0xa1, 0x14, 0x43, 0xbb, 0x75, 0x76, 0x77, 0x38, 0x22, 0x29, 0x4d, 0xdf, 0x4f, 0x3a, 0x40
        76 77 38 22 29 4D
        DF 4F 3A 40
   0070 F4 C8 43 78 27 28    18    .db  0xf4, 0xc8, 0x43, 0x78, 0x27, 0x28, 0x29, 0xc5, 0xff, 0xac, 0xdf, 0xb4, 0x4f, 0x81, 0x2a, 0x2b
        29 C5 FF AC DF B4
        4F 81 2A 2B
   0080 2C 38 62 19 D0 AF    19    .db  0x2c, 0x38, 0x62, 0x19, 0xd0, 0xaf, 0xa4, 0x19, 0xdf, 0x92, 0x10, 0x19, 0xdf, 0xc9, 0x82, 0x4f
        A4 19 DF 92 10 19
        DF C9 82 4F
   0090 AE 1A BF 16 EB 27    20    .db  0xae, 0x1a, 0xbf, 0x16, 0xeb, 0x27, 0xba, 0x68, 0x10, 0x2a, 0x68, 0x34, 0xff, 0x16, 0xe3, 0x0a
        BA 68 10 2A 68 34
        FF 16 E3 0A
   00A0 E8 97 31 A4 4E 18    21    .db  0xe8, 0x97, 0x31, 0xa4, 0x4e, 0x18, 0x80, 0xe3, 0xff, 0xa4, 0x16, 0xa1, 0x05, 0x04, 0xeb, 0x05
        80 E3 FF A4 16 A1
        05 04 EB 05
   00B0 0A EB FF B3 55 0E    22    .db  0x0a, 0xeb, 0xff, 0xb3, 0x55, 0x0e, 0x4f, 0xb8, 0x19, 0x4f, 0x68, 0x10, 0x70, 0x11, 0x47, 0x14
        4F B8 19 4F 68 10
        70 11 47 14
   00C0 06 73 ED 9D 00 4F    23    .db  0x06, 0x73, 0xed, 0x9d, 0x00, 0x4f, 0x7d, 0x05, 0x0a, 0xd7, 0x19, 0x54, 0xaa, 0x93, 0x28, 0xdf
        7D 05 0A D7 19 54
        AA 93 28 DF
   00D0 16 E3 05 E0 04 05    24    .db  0x16, 0xe3, 0x05, 0xe0, 0x04, 0x05, 0xfa, 0x10, 0xba, 0x53, 0x13, 0xdf, 0xc8, 0x16, 0xae, 0x0b
        FA 10 BA 53 13 DF
        C8 16 AE 0B
   00E0 0A EE 0B 10 E1 C4    25    .db  0x0a, 0xee, 0x0b, 0x10, 0xe1, 0xc4, 0x92, 0x10, 0x4f, 0x8f, 0x16, 0xab, 0x0b, 0x0a, 0x0b, 0x6f
        92 10 4F 8F 16 AB
        0B 0A 0B 6F
ASxxxx Assembler V02.00 + NoICE + SDCC mods  (Zilog Z80 / Hitachi HD64180), page 2.
Hexadecimal [16-Bits]



   00F0 52 53 0E 48 53 52    26    .db  0x52, 0x53, 0x0e, 0x48, 0x53, 0x52, 0x4f, 0x92, 0x80, 0x18, 0x4f, 0x56, 0x18, 0x4f, 0xd0, 0x0a
        4F 92 80 18 4F 56
        18 4F D0 0A
   0100 68 0B 68 28 E0 18    27    .db  0x68, 0x0b, 0x68, 0x28, 0xe0, 0x18, 0x4f, 0x28, 0x0a, 0x71, 0x00, 0x44, 0xf4, 0x25, 0x75, 0x38
        4F 28 0A 71 00 44
        F4 25 75 38
   0110 16 C7 17 74 18 0A    28    .db  0x16, 0xc7, 0x17, 0x74, 0x18, 0x0a, 0x85, 0x27, 0x23, 0x24, 0x0b, 0x4b, 0x02, 0x38, 0xc0, 0x23
        85 27 23 24 0B 4B
        02 38 C0 23
   0120 E4 56 4F 0B 36 17    29    .db  0xe4, 0x56, 0x4f, 0x0b, 0x36, 0x17, 0x18, 0x5d, 0x0a, 0x21, 0x93, 0x25, 0x26, 0x2c, 0x0b, 0x07
        18 5D 0A 21 93 25
        26 2C 0B 07
   0130 20 21 3B 22 22 4A    30    .db  0x20, 0x21, 0x3b, 0x22, 0x22, 0x4a, 0x4b, 0x2c, 0xb0, 0x9f, 0xb0, 0x4f, 0x09, 0x13, 0x4f, 0x16
        4B 2C B0 9F B0 4F
        09 13 4F 16
   0140 E8 0A D4 0B 4D 52    31    .db  0xe8, 0x0a, 0xd4, 0x0b, 0x4d, 0x52, 0x02, 0x2d, 0xfa, 0x10, 0x1c, 0x4f, 0x27, 0x0b, 0xfe, 0x0a
        02 2D FA 10 1C 4F
        27 0B FE 0A
   0150 09 88 42 00 AE 52    32    .db  0x09, 0x88, 0x42, 0x00, 0xae, 0x52, 0x10, 0x4f, 0x16, 0xce, 0x0a, 0xd1, 0x1d, 0xc1, 0x00, 0x5c
        10 4F 16 CE 0A D1
        1D C1 00 5C
   0160 04 57 56 18 13 16    33    .db  0x04, 0x57, 0x56, 0x18, 0x13, 0x16, 0x8b, 0x1b, 0x89, 0x0a, 0x00, 0x0f, 0x3f, 0x56, 0x57, 0x27
        8B 1B 89 0A 00 0F
        3F 56 57 27
   0170 C8 09 24 AF 0C 81    34    .db  0xc8, 0x09, 0x24, 0xaf, 0x0c, 0x81, 0x00, 0x19, 0x0b, 0xa9, 0x19, 0x19, 0x13, 0x11, 0x57, 0x53
        00 19 0B A9 19 19
        13 11 57 53
   0180 18 00 58 13 40 53    35    .db  0x18, 0x00, 0x58, 0x13, 0x40, 0x53, 0x15, 0x06, 0x6c, 0x6d, 0x6d, 0x6e, 0x39, 0x84, 0x01, 0x1b
        15 06 6C 6D 6D 6E
        39 84 01 1B
   0190 17 0D 01 16 54 0E    36    .db  0x17, 0x0d, 0x01, 0x16, 0x54, 0x0e, 0x1f, 0x1e, 0x1e, 0x0e, 0x01, 0x16, 0x48, 0x01, 0x03, 0x39
        1F 1E 1E 0E 01 16
        48 01 03 39
   01A0 68 68 02 92 15 03    37    .db  0x68, 0x68, 0x02, 0x92, 0x15, 0x03, 0x00, 0x0e, 0x01, 0xa6, 0x54, 0x55, 0x55
        00 0E 01 A6 54 55
        55
                             38 ;; Address of the latest byte of the compressed array (for unpacking purposes)
                     01AC    39 _mappk9_end == . - 1
                             40 
