ASxxxx Assembler V02.00 + NoICE + SDCC mods  (Zilog Z80 / Hitachi HD64180), page 1.
Hexadecimal [16-Bits]



                              1 ;; File 'src/map/mappk8.s' generated using cpct_pack
                              2 ;; Compresor used:   zx7b
                              3 ;; Files compressed: [ 'src/map8.bin' ]
                              4 ;; Uncompressed:     1680 bytes
                              5 ;; Compressed:       335 bytes
                              6 ;; Space saved:      1345 bytes
                              7 ;;
                              8 
                              9 ;; Data array definition
   0000                      10 _mappk8::
   0000 80 55 56 55 1D E3    11    .db  0x80, 0x55, 0x56, 0x55, 0x1d, 0xe3, 0x97, 0x0e, 0x30, 0xba, 0x0a, 0x4f, 0x1d, 0x9f, 0x97, 0xee
        97 0E 30 BA 0A 4F
        1D 9F 97 EE
   0010 8A 55 30 0A 4F F6    12    .db  0x8a, 0x55, 0x30, 0x0a, 0x4f, 0xf6, 0x1d, 0xd3, 0x97, 0x5d, 0x01, 0x71, 0x50, 0x51, 0x54, 0x4f
        1D D3 97 5D 01 71
        50 51 54 4F
   0020 1D 71 00 9A 18 01    13    .db  0x1d, 0x71, 0x00, 0x9a, 0x18, 0x01, 0xa2, 0x11, 0x12, 0x18, 0x4f, 0x45, 0x00, 0x2e, 0x13, 0xa0
        A2 11 12 18 4F 45
        00 2E 13 A0
   0030 AF 09 53 45 B7 37    14    .db  0xaf, 0x09, 0x53, 0x45, 0xb7, 0x37, 0x53, 0xaa, 0xff, 0x09, 0xb7, 0xbc, 0x51, 0x4f, 0x07, 0xb7
        53 AA FF 09 B7 BC
        51 4F 07 B7
   0040 6F 4F D4 C1 B7 1B    15    .db  0x6f, 0x4f, 0xd4, 0xc1, 0xb7, 0x1b, 0x4f, 0x35, 0xf1, 0xb7, 0x42, 0x4f, 0x5d, 0x00, 0x4c, 0x4f
        4F 35 F1 B7 42 4F
        5D 00 4C 4F
   0050 34 0D 74 27 F4 C9    16    .db  0x34, 0x0d, 0x74, 0x27, 0xf4, 0xc9, 0x49, 0x4f, 0x4c, 0xd7, 0x9d, 0x11, 0x4f, 0x07, 0xd7, 0x9c
        49 4F 4C D7 9D 11
        4F 07 D7 9C
   0060 11 4F 07 D7 9C 11    17    .db  0x11, 0x4f, 0x07, 0xd7, 0x9c, 0x11, 0x4f, 0x13, 0xd6, 0x9c, 0x4f, 0xc1, 0x14, 0x1a, 0x7f, 0xd7
        4F 13 D6 9C 4F C1
        14 1A 7F D7
   0070 10 8F 65 1F 75 C4    18    .db  0x10, 0x8f, 0x65, 0x1f, 0x75, 0xc4, 0xa4, 0x58, 0x4f, 0x43, 0x00, 0x74, 0x4f, 0x43, 0x00, 0x5d
        A4 58 4F 43 00 74
        4F 43 00 5D
   0080 4F 75 0A 5D 6F 70    19    .db  0x4f, 0x75, 0x0a, 0x5d, 0x6f, 0x70, 0x71, 0x00, 0x11, 0x4f, 0xe2, 0x1a, 0xba, 0x72, 0x73, 0x74
        71 00 11 4F E2 1A
        BA 72 73 74
   0090 27 62 56 2B D5 19    20    .db  0x27, 0x62, 0x56, 0x2b, 0xd5, 0x19, 0x4f, 0x5a, 0x16, 0x75, 0x53, 0x76, 0x77, 0x00, 0xa4, 0x34
        4F 5A 16 75 53 76
        77 00 A4 34
   00A0 8E 00 4F AF 08 16    21    .db  0x8e, 0x00, 0x4f, 0xaf, 0x08, 0x16, 0x27, 0x28, 0x2f, 0x29, 0x8f, 0x62, 0x23, 0x24, 0x03, 0x94
        27 28 2F 29 8F 62
        23 24 03 94
   00B0 30 12 4F F7 1A 75    22    .db  0x30, 0x12, 0x4f, 0xf7, 0x1a, 0x75, 0x53, 0x2a, 0x2b, 0x2c, 0x53, 0x01, 0xe6, 0x84, 0x25, 0x26
        53 2A 2B 2C 53 01
        E6 84 25 26
   00C0 57 4F 62 00 D0 4F    23    .db  0x57, 0x4f, 0x62, 0x00, 0xd0, 0x4f, 0x17, 0x28, 0x4d, 0x17, 0xef, 0xc1, 0x17, 0x18, 0x2a, 0x4f
        17 28 4D 17 EF C1
        17 18 2A 4F
   00D0 5D 54 05 EF 23 A3    24    .db  0x5d, 0x54, 0x05, 0xef, 0x23, 0xa3, 0xc2, 0x4f, 0xab, 0xef, 0xb0, 0x13, 0x4f, 0xa2, 0x41, 0xc3
        C2 4F AB EF B0 13
        4F A2 41 C3
   00E0 08 EF 21 2B D0 4F    25    .db  0x08, 0xef, 0x21, 0x2b, 0xd0, 0x4f, 0x1e, 0xd3, 0x00, 0x4d, 0x2b, 0x4f, 0xf4, 0x11, 0x00, 0x4f
        1E D3 00 4D 2B 4F
        F4 11 00 4F
ASxxxx Assembler V02.00 + NoICE + SDCC mods  (Zilog Z80 / Hitachi HD64180), page 2.
Hexadecimal [16-Bits]



   00F0 5F 28 31 12 13 CC    26    .db  0x5f, 0x28, 0x31, 0x12, 0x13, 0xcc, 0x16, 0x54, 0x27, 0x64, 0x55, 0x16, 0x05, 0x24, 0xd8, 0x21
        16 54 27 64 55 16
        05 24 D8 21
   0100 55 4F B5 EA 42 66    27    .db  0x55, 0x4f, 0xb5, 0xea, 0x42, 0x66, 0x68, 0x88, 0x42, 0x55, 0x04, 0xaa, 0x4f, 0x56, 0x10, 0x11
        68 88 42 55 04 AA
        4F 56 10 11
   0110 F7 27 EA 00 86 04    28    .db  0xf7, 0x27, 0xea, 0x00, 0x86, 0x04, 0x56, 0x57, 0x26, 0x27, 0x11, 0xaf, 0x16, 0x00, 0xee, 0x04
        56 57 26 27 11 AF
        16 00 EE 04
   0120 E8 57 53 18 13 00    29    .db  0xe8, 0x57, 0x53, 0x18, 0x13, 0x00, 0x90, 0x80, 0x19, 0x53, 0x15, 0x0c, 0x6c, 0x6d, 0x6d, 0x6e
        90 80 19 53 15 0C
        6C 6D 6D 6E
   0130 08 39 03 1B 2E 01    30    .db  0x08, 0x39, 0x03, 0x1b, 0x2e, 0x01, 0x15, 0x54, 0x2e, 0x0e, 0x1e, 0x1e, 0x0e, 0x01, 0x10, 0x15
        15 54 2E 0E 1E 1E
        0E 01 10 15
   0140 07 00 DA 68 04 B4    31    .db  0x07, 0x00, 0xda, 0x68, 0x04, 0xb4, 0x15, 0x03, 0x00, 0x0e, 0x01, 0xa6, 0x54, 0x55, 0x55
        15 03 00 0E 01 A6
        54 55 55
                             32 ;; Address of the latest byte of the compressed array (for unpacking purposes)
                     014E    33 _mappk8_end == . - 1
                             34 
