ASxxxx Linker V03.00 + NoICE + sdld,  page 1.
Hexadecimal  [32-Bits]

Area                                    Addr        Size        Decimal Bytes (Attributes)
--------------------------------        ----        ----        ------- ----- ------------
.  .ABS.                            00000000    00000000 =           0. bytes (ABS,CON)

      Value  Global                              Global Defined In Module
      -----  --------------------------------   ------------------------
     00000000  .__.ABS.                           cpct_strings
     00000000  l__CABS                         
     00000000  l__DABS                         
     00000000  l__GSFINAL                      
     00000000  l__GSINIT                       
     00000000  l__HOME                         
     00000000  l__INITIALIZED                  
     00000000  l__INITIALIZER                  
     00000000  l___g_completed                 
     00000000  l___g_end                       
     00000000  l___g_fx                        
     00000000  l___g_ingame                    
     00000000  l___g_menu                      
     00000000  l___g_start                     
     00000000  l__g_maskTable_                 
     00000000  s__CABS                         
     00000000  s__DABS                         
     00000000  s___g_completed                 
     00000000  s___g_completed0                
     00000000  s___g_end                       
     00000000  s___g_end0                      
     00000000  s___g_fx                        
     00000000  s___g_fx0                       
     00000000  s___g_ingame                    
     00000000  s___g_ingame0                   
     00000000  s___g_menu                      
     00000000  s___g_menu0                     
     00000000  s___g_start                     
     00000000  s___g_start0                    
     00000000  s__g_maskTable_                 
     00000000  s__g_maskTable_0                
     000000B3  l__DATA                         
     00000100  l__g_maskTable_0                
     00000126  l___g_completed0                
     0000012C  l___g_start0                    
     0000014F  _mappk8_size_z                     
     0000016A  l___g_menu0                     
     00000172  l___g_end0                      
     0000017A  _mappk4_size_z                     
     0000019A  _mappk5_size_z                     
     000001AD  _mappk9_size_z                     
     000001AE  _mappk10_size_z                    
     000001BC  _mappk6_size_z                     
     000001CD  l___g_fx0                       
     000001F5  _mappk2_size_z                     
     0000020C  _mappk11_size_z                    
     00000210  _mappk3_size_z                     
     0000021C  _mappk7_size_z                     
     0000027A  _mappk0_size_z                     
     000002A1  _mappk1_size_z                     
ASxxxx Linker V03.00 + NoICE + sdld,  page 2.
Hexadecimal  [32-Bits]

Area                                    Addr        Size        Decimal Bytes (Attributes)
--------------------------------        ----        ----        ------- ----- ------------
.  .ABS.                            00000000    00000000 =           0. bytes (ABS,CON)

      Value  Global                              Global Defined In Module
      -----  --------------------------------   ------------------------
     00000676  l___g_ingame0                   
     00000690  _mappk0_size                       
     00000690  _mappk10_size                      
     00000690  _mappk11_size                      
     00000690  _mappk1_size                       
     00000690  _mappk2_size                       
     00000690  _mappk3_size                       
     00000690  _mappk4_size                       
     00000690  _mappk5_size                       
     00000690  _mappk6_size                       
     00000690  _mappk7_size                       
     00000690  _mappk8_size                       
     00000690  _mappk9_size                       
     00001601  s__CODE                         
     000043A6  l__CSEG                         
     000048CF  l__CODE                         
     00005ED0  s__DATA                         
     00005F83  s__CSEG                         
     00005F83  s__GSFINAL                      
     00005F83  s__GSINIT                       
     00005F83  s__HOME                         
     00005F83  s__INITIALIZED                  
     00005F83  s__INITIALIZER                  

ASxxxx Linker V03.00 + NoICE + sdld,  page 3.
Hexadecimal  [32-Bits]

Area                                    Addr        Size        Decimal Bytes (Attributes)
--------------------------------        ----        ----        ------- ----- ------------
_CODE                               00001601    000048CF =       18639. bytes (REL,CON)

      Value  Global                              Global Defined In Module
      -----  --------------------------------   ------------------------
     00001601  _g_magic_0                         magic
     00001621  _g_magic_1                         magic
     00001641  _g_magic_2                         magic
     00001661  _g_magic_3                         magic
     00001681  _g_goldframe_0                     goldframe
     00001693  _g_goldframe_1                     goldframe
     000016A5  _g_goldframe_2                     goldframe
     000016B7  _g_logo_0                          logo
     00001C2F  _g_logo_1                          logo
     000021A7  _g_wizard_0                        wizard
     000021E3  _g_wizard_1                        wizard
     0000221F  _g_wizard_2                        wizard
     0000225B  _g_wizard_3                        wizard
     00002297  _g_witch_0                         witch
     000022D3  _g_witch_1                         witch
     0000230F  _g_witch_2                         witch
     0000234B  _g_witch_3                         witch
     00002387  _g_door_0                          door
     000023C3  _g_door_1                          door
     000023FF  _g_bat_0                           bat
     0000243B  _g_bat_1                           bat
     00002477  _g_ghost_0                         ghost
     000024B3  _g_ghost_1                         ghost
     000024EF  _g_ghost_2                         ghost
     0000252B  _g_ghost_3                         ghost
     00002567  _g_ghost_4                         ghost
     000025A3  _g_ghost_5                         ghost
     000025DF  _g_ghost_6                         ghost
     0000261B  _g_ghost_7                         ghost
     00002657  _g_knight_0                        knight
     00002693  _g_knight_1                        knight
     000026CF  _g_knight_2                        knight
     0000270B  _g_knight_3                        knight
     00002747  _g_knight_4                        knight
     00002783  _g_knight_5                        knight
     000027BF  _g_knight_6                        knight
     000027FB  _g_knight_7                        knight
     00002837  _g_sentinel_0                      sentinel
     00002873  _g_sentinel_1                      sentinel
     000028AF  _g_sentinel_2                      sentinel
     000028EB  _g_sentinel_3                      sentinel
     00002927  _g_sentinel_4                      sentinel
     00002963  _g_sentinel_5                      sentinel
     0000299F  _g_sentinel_6                      sentinel
     000029DB  _g_sentinel_7                      sentinel
     00002A17  _g_sorcerer2_00                    sorcerer2
     00002A53  _g_sorcerer2_01                    sorcerer2
     00002A8F  _g_sorcerer2_02                    sorcerer2
     00002ACB  _g_sorcerer2_03                    sorcerer2
     00002B07  _g_sorcerer2_04                    sorcerer2
ASxxxx Linker V03.00 + NoICE + sdld,  page 4.
Hexadecimal  [32-Bits]

Area                                    Addr        Size        Decimal Bytes (Attributes)
--------------------------------        ----        ----        ------- ----- ------------
_CODE                               00001601    000048CF =       18639. bytes (REL,CON)

      Value  Global                              Global Defined In Module
      -----  --------------------------------   ------------------------
     00002B43  _g_sorcerer2_05                    sorcerer2
     00002B7F  _g_sorcerer2_06                    sorcerer2
     00002BBB  _g_sorcerer2_07                    sorcerer2
     00002BF7  _g_sorcerer2_08                    sorcerer2
     00002C33  _g_sorcerer2_09                    sorcerer2
     00002C6F  _g_sorcerer1_00                    sorcerer1
     00002CAB  _g_sorcerer1_01                    sorcerer1
     00002CE7  _g_sorcerer1_02                    sorcerer1
     00002D23  _g_sorcerer1_03                    sorcerer1
     00002D5F  _g_sorcerer1_04                    sorcerer1
     00002D9B  _g_sorcerer1_05                    sorcerer1
     00002DD7  _g_sorcerer1_06                    sorcerer1
     00002E13  _g_sorcerer1_07                    sorcerer1
     00002E4F  _g_sorcerer1_08                    sorcerer1
     00002E8B  _g_sorcerer1_09                    sorcerer1
     00002EC7  _g_palette                         tiles
     00002ED7  _g_tileset                         tiles
     00002FC7  _g_tiles_000                       tiles
     00002FCF  _g_tiles_001                       tiles
     00002FD7  _g_tiles_002                       tiles
     00002FDF  _g_tiles_003                       tiles
     00002FE7  _g_tiles_004                       tiles
     00002FEF  _g_tiles_005                       tiles
     00002FF7  _g_tiles_006                       tiles
     00002FFF  _g_tiles_007                       tiles
     00003007  _g_tiles_008                       tiles
     0000300F  _g_tiles_009                       tiles
     00003017  _g_tiles_010                       tiles
     0000301F  _g_tiles_011                       tiles
     00003027  _g_tiles_012                       tiles
     0000302F  _g_tiles_013                       tiles
     00003037  _g_tiles_014                       tiles
     0000303F  _g_tiles_015                       tiles
     00003047  _g_tiles_016                       tiles
     0000304F  _g_tiles_017                       tiles
     00003057  _g_tiles_018                       tiles
     0000305F  _g_tiles_019                       tiles
     00003067  _g_tiles_020                       tiles
     0000306F  _g_tiles_021                       tiles
     00003077  _g_tiles_022                       tiles
     0000307F  _g_tiles_023                       tiles
     00003087  _g_tiles_024                       tiles
     0000308F  _g_tiles_025                       tiles
     00003097  _g_tiles_026                       tiles
     0000309F  _g_tiles_027                       tiles
     000030A7  _g_tiles_028                       tiles
     000030AF  _g_tiles_029                       tiles
     000030B7  _g_tiles_030                       tiles
     000030BF  _g_tiles_031                       tiles
     000030C7  _g_tiles_032                       tiles
     000030CF  _g_tiles_033                       tiles
ASxxxx Linker V03.00 + NoICE + sdld,  page 5.
Hexadecimal  [32-Bits]

Area                                    Addr        Size        Decimal Bytes (Attributes)
--------------------------------        ----        ----        ------- ----- ------------
_CODE                               00001601    000048CF =       18639. bytes (REL,CON)

      Value  Global                              Global Defined In Module
      -----  --------------------------------   ------------------------
     000030D7  _g_tiles_034                       tiles
     000030DF  _g_tiles_035                       tiles
     000030E7  _g_tiles_036                       tiles
     000030EF  _g_tiles_037                       tiles
     000030F7  _g_tiles_038                       tiles
     000030FF  _g_tiles_039                       tiles
     00003107  _g_tiles_040                       tiles
     0000310F  _g_tiles_041                       tiles
     00003117  _g_tiles_042                       tiles
     0000311F  _g_tiles_043                       tiles
     00003127  _g_tiles_044                       tiles
     0000312F  _g_tiles_045                       tiles
     00003137  _g_tiles_046                       tiles
     0000313F  _g_tiles_047                       tiles
     00003147  _g_tiles_048                       tiles
     0000314F  _g_tiles_049                       tiles
     00003157  _g_tiles_050                       tiles
     0000315F  _g_tiles_051                       tiles
     00003167  _g_tiles_052                       tiles
     0000316F  _g_tiles_053                       tiles
     00003177  _g_tiles_054                       tiles
     0000317F  _g_tiles_055                       tiles
     00003187  _g_tiles_056                       tiles
     0000318F  _g_tiles_057                       tiles
     00003197  _g_tiles_058                       tiles
     0000319F  _g_tiles_059                       tiles
     000031A7  _g_tiles_060                       tiles
     000031AF  _g_tiles_061                       tiles
     000031B7  _g_tiles_062                       tiles
     000031BF  _g_tiles_063                       tiles
     000031C7  _g_tiles_064                       tiles
     000031CF  _g_tiles_065                       tiles
     000031D7  _g_tiles_066                       tiles
     000031DF  _g_tiles_067                       tiles
     000031E7  _g_tiles_068                       tiles
     000031EF  _g_tiles_069                       tiles
     000031F7  _g_tiles_070                       tiles
     000031FF  _g_tiles_071                       tiles
     00003207  _g_tiles_072                       tiles
     0000320F  _g_tiles_073                       tiles
     00003217  _g_tiles_074                       tiles
     0000321F  _g_tiles_075                       tiles
     00003227  _g_tiles_076                       tiles
     0000322F  _g_tiles_077                       tiles
     00003237  _g_tiles_078                       tiles
     0000323F  _g_tiles_079                       tiles
     00003247  _g_tiles_080                       tiles
     0000324F  _g_tiles_081                       tiles
     00003257  _g_tiles_082                       tiles
     0000325F  _g_tiles_083                       tiles
     00003267  _g_tiles_084                       tiles
ASxxxx Linker V03.00 + NoICE + sdld,  page 6.
Hexadecimal  [32-Bits]

Area                                    Addr        Size        Decimal Bytes (Attributes)
--------------------------------        ----        ----        ------- ----- ------------
_CODE                               00001601    000048CF =       18639. bytes (REL,CON)

      Value  Global                              Global Defined In Module
      -----  --------------------------------   ------------------------
     0000326F  _g_tiles_085                       tiles
     00003277  _g_tiles_086                       tiles
     0000327F  _g_tiles_087                       tiles
     00003287  _g_tiles_088                       tiles
     0000328F  _g_tiles_089                       tiles
     00003297  _g_tiles_090                       tiles
     0000329F  _g_tiles_091                       tiles
     000032A7  _g_tiles_092                       tiles
     000032AF  _g_tiles_093                       tiles
     000032B7  _g_tiles_094                       tiles
     000032BF  _g_tiles_095                       tiles
     000032C7  _g_tiles_096                       tiles
     000032CF  _g_tiles_097                       tiles
     000032D7  _g_tiles_098                       tiles
     000032DF  _g_tiles_099                       tiles
     000032E7  _g_tiles_100                       tiles
     000032EF  _g_tiles_101                       tiles
     000032F7  _g_tiles_102                       tiles
     000032FF  _g_tiles_103                       tiles
     00003307  _g_tiles_104                       tiles
     0000330F  _g_tiles_105                       tiles
     00003317  _g_tiles_106                       tiles
     0000331F  _g_tiles_107                       tiles
     00003327  _g_tiles_108                       tiles
     0000332F  _g_tiles_109                       tiles
     00003337  _g_tiles_110                       tiles
     0000333F  _g_tiles_111                       tiles
     00003347  _g_tiles_112                       tiles
     0000334F  _g_tiles_113                       tiles
     00003357  _g_tiles_114                       tiles
     0000335F  _g_tiles_115                       tiles
     00003367  _g_tiles_116                       tiles
     0000336F  _g_tiles_117                       tiles
     00003377  _g_tiles_118                       tiles
     0000337F  _g_tiles_119                       tiles
     00003387  _mappk11                           
     00003592  _mappk11_end                       
     00003593  _mappk10                           
     00003740  _mappk10_end                       
     00003741  _mappk9                            
     000038ED  _mappk9_end                        
     000038EE  _mappk8                            
     00003A3C  _mappk8_end                        
     00003A3D  _mappk7                            
     00003C58  _mappk7_end                        
     00003C59  _mappk6                            
     00003E14  _mappk6_end                        
     00003E15  _mappk5                            
     00003FAE  _mappk5_end                        
     00003FAF  _mappk4                            
     00004128  _mappk4_end                        
ASxxxx Linker V03.00 + NoICE + sdld,  page 7.
Hexadecimal  [32-Bits]

Area                                    Addr        Size        Decimal Bytes (Attributes)
--------------------------------        ----        ----        ------- ----- ------------
_CODE                               00001601    000048CF =       18639. bytes (REL,CON)

      Value  Global                              Global Defined In Module
      -----  --------------------------------   ------------------------
     00004129  _mappk3                            
     00004338  _mappk3_end                        
     00004339  _mappk2                            
     0000452D  _mappk2_end                        
     0000452E  _mappk1                            
     000047CE  _mappk1_end                        
     000047CF  _mappk0                            
     00004A48  _mappk0_end                        
     00004A49  _dummy_cpct_transparentMaskTable   main
     00004A49  _g_coin                            coin
     00004A91  _g_dust                            dust
     00004AD1  _g_explosion                       explosion
     00004B49  _g_font                            font
     00004F69  _g_objects                         objects
     00005169  __divuint                          
     00005171  __divuchar                         
     00005178  __divu8                            
     0000517B  __divu16                           
     000051AA  _cpct_setPalette                   cpct_video
     000051C1  _cpct_isKeyPressed                 cpct_keyboard
     000051C1  cpct_isKeyPressed_asm              cpct_keyboard
     000051CD  _cpct_scanKeyboard_f               cpct_keyboard
     000051CD  cpct_scanKeyboard_f_asm            cpct_keyboard
     00005237  _cpct_setPALColour                 cpct_video
     00005243  _cpct_akp_digidrumStatus           cpct_audio
     00005244  _cpct_akp_songLoopTimes            cpct_audio
     00005245  _cpct_akp_musicPlay                cpct_audio
     00005245  cpct_akp_musicPlay_asm             cpct_audio
     00005948  _cpct_akp_musicInit                cpct_audio
     0000594F  cpct_akp_musicInit_asm             cpct_audio
     000059A8  _cpct_akp_stop                     cpct_audio
     000059A8  cpct_akp_stop_asm                  cpct_audio
     000059BB  _cpct_akp_SFXGetInstrument         cpct_audio
     000059C0  cpct_akp_SFXGetInstrument_asm      cpct_audio
     000059D4  _cpct_akp_SFXInit                  cpct_audio
     000059DB  cpct_akp_SFXInit_asm               cpct_audio
     000059E2  _cpct_akp_SFXStopAll               cpct_audio
     000059E2  cpct_akp_SFXStopAll_asm            cpct_audio
     000059EF  _cpct_akp_SFXPlay                  cpct_audio
     00005A01  cpct_akp_SFXPlay_asm               cpct_audio
     00005A4E  _cpct_akp_SFXStop                  cpct_audio
     00005A53  cpct_akp_SFXStop_asm               cpct_audio
     00005A6C  _cpct_drawSprite                   cpct_sprites
     00005B11  _cpct_etm_drawTileBox2x4           cpct_easytilemaps
     00005BA0  _cpct_etm_setTileset2x4            cpct_easytilemaps
     00005BA0  cpct_etm_setTileset2x4_asm         cpct_easytilemaps
     00005BA4  _cpct_setSeed_lcg_u8               cpct_random
     00005BA4  cpct_setSeed_lcg_u8_asm            cpct_random
     00005BA9  _cpct_keyboardStatusBuffer         cpct_keyboard
     00005BB3  _cpct_etm_drawTileRow2x4           cpct_easytilemaps
     00005BBA  cpct_etm_drawTileRow2x4_asm        cpct_easytilemaps
ASxxxx Linker V03.00 + NoICE + sdld,  page 8.
Hexadecimal  [32-Bits]

Area                                    Addr        Size        Decimal Bytes (Attributes)
--------------------------------        ----        ----        ------- ----- ------------
_CODE                               00001601    000048CF =       18639. bytes (REL,CON)

      Value  Global                              Global Defined In Module
      -----  --------------------------------   ------------------------
     00005BBC  dtr_restore_ptileset               cpct_easytilemaps
     00005BD4  _cpct_getRandom_lcg_u8             cpct_random
     00005BD4  cpct_getRandom_lcg_u8_asm          cpct_random
     00005BD5  cpct_randlcgu8_seed                cpct_random
     00005BE5  _cpct_isAnyKeyPressed              cpct_keyboard
     00005BE5  cpct_isAnyKeyPressed_asm           cpct_keyboard
     00005BF2  _cpct_scanKeyboard_if              cpct_keyboard
     00005BF2  cpct_scanKeyboard_if_asm           cpct_keyboard
     00005C5A  _cpct_zx7b_decrunch_s              cpct_compression
     00005C9D  _cpct_waitVSYNC                    cpct_video
     00005C9D  cpct_waitVSYNC_asm                 cpct_video
     00005CA5  _cpct_setVideoMode                 cpct_video
     00005CB3  _cpct_px2byteM0                    cpct_sprites
     00005CCF  _cpct_memset                       cpct_memutils
     00005CDD  _cpct_disableFirmware              cpct_firmware
     00005CDD  _cpct_removeInterruptHandler       cpct_firmware
     00005CDD  cpct_disableFirmware_asm           cpct_firmware
     00005CDD  cpct_removeInterruptHandler_asm    cpct_firmware
     00005CED  _cpct_drawSolidBox                 cpct_sprites
     00005D94  cpct_drawTileAligned2x4_f_asm      cpct_sprites
     00005DB5  __modschar                         
     00005DC2  __modsint                          
     00005DCE  _cpct_mode_rom_status              cpct_firmware
     00005DCF  _cpct_getScreenPtr                 cpct_video
     00005DE5  _cpct_drawSpriteMaskedAlignedTab   cpct_sprites
     00005E20  _cpct_scanKeyboard                 cpct_keyboard
     00005E20  cpct_scanKeyboard_asm              cpct_keyboard
     00005E51  _cpct_setInterruptHandler          cpct_firmware
     00005E51  cpct_setInterruptHandler_asm       cpct_firmware
     00005E62  cpct_safeInterruptHandlerHook      cpct_firmware
     00005E78  __divsint                          
     00005E81  __divschar                         
     00005E88  __div8                             
     00005E8C  __div_signexte                     
     00005E90  __div16                            
     00005EB6  __get_remainder                    
     00005EC0  dc_mode0_ct                        cpct_strings
ASxxxx Linker V03.00 + NoICE + sdld,  page 9.
Hexadecimal  [32-Bits]

Area                                    Addr        Size        Decimal Bytes (Attributes)
--------------------------------        ----        ----        ------- ----- ------------
_DATA                               00005ED0    000000B3 =         179. bytes (REL,CON)

      Value  Global                              Global Defined In Module
      -----  --------------------------------   ------------------------
     00005ED0  _nMap                              main
     00005ED1  _lastNMap                          main
     00005ED2  _lName                             main
     00005ED4  _TwoPlayers                        main
     00005ED5  _score                             main
     00005ED9  _highScore                         main
     00005EDB  _potScore                          main
     00005EDD  _coinScore                         main
     00005EDF  _doorKey                           main
     00005EE4  _playerKey                         main
     00005EE9  _storeX                            main
     00005EEA  _storeY                            main
     00005EEB  _music                             main
     00005EEC  _enemyTurn                         main
     00005EED  _ctInactivity                      main
     00005EEF  _turboMode                         main
     00005EF0  _nTip                              main
     00005EF1  _ctWizardAnim                      main
     00005EF2  _ctMainLoop                        main
     00005EF4  _ctlUp                             main
     00005EF8  _ctlDown                           main
     00005EFC  _ctlLeft                           main
     00005F00  _ctlRight                          main
     00005F04  _ctlAbort                          main
     00005F06  _ctlMusic                          main
     00005F08  _ctlPause                          main
     00005F0A  _spr                               main
     00005F73  _sht                               main
     00005F78  _nObj                              main
     00005F7A  _objX                              main
     00005F7C  _objY                              main
     00005F7E  _nPObj                             main
     00005F7F  _enum_dir                          main
     00005F80  _enum_sta                          main
     00005F81  _enum_mov                          main

ASxxxx Linker V03.00 + NoICE + sdld,  page 10.
Hexadecimal  [32-Bits]

Area                                    Addr        Size        Decimal Bytes (Attributes)
--------------------------------        ----        ----        ------- ----- ------------
_g_maskTable_0                      00000000    00000100 =         256. bytes (ABS,CON)

      Value  Global                              Global Defined In Module
      -----  --------------------------------   ------------------------
     00000100  _g_maskTable                       main

ASxxxx Linker V03.00 + NoICE + sdld,  page 11.
Hexadecimal  [32-Bits]

Area                                    Addr        Size        Decimal Bytes (Attributes)
--------------------------------        ----        ----        ------- ----- ------------
_CSEG                               00005F83    000043A6 =       17318. bytes (REL,CON)

      Value  Global                              Global Defined In Module
      -----  --------------------------------   ------------------------
     00005F83  _Abs                               main
     00005F8E  _frmSorcerer1                      main
     00005F9E  _animUp_Sorcerer1                  main
     00005FA2  _animDown_Sorcerer1                main
     00005FA6  _animLeft_Sorcerer1                main
     00005FAA  _animRight_Sorcerer1               main
     00005FAE  _frmSorcerer2                      main
     00005FBE  _animUp_Sorcerer2                  main
     00005FC2  _animDown_Sorcerer2                main
     00005FC6  _animLeft_Sorcerer2                main
     00005FCA  _animRight_Sorcerer2               main
     00005FCE  _frmSentinel                       main
     00005FDE  _animUp_Sentinel                   main
     00005FE2  _animDown_Sentinel                 main
     00005FE6  _animLeft_Sentinel                 main
     00005FEA  _animRight_Sentinel                main
     00005FEE  _frmKnight                         main
     00005FFE  _animUp_Knight                     main
     00006002  _animDown_Knight                   main
     00006006  _animLeft_Knight                   main
     0000600A  _animRight_Knight                  main
     0000600E  _frmGhost                          main
     0000601E  _animUp_Ghost                      main
     00006022  _animDown_Ghost                    main
     00006026  _animLeft_Ghost                    main
     0000602A  _animRight_Ghost                   main
     0000602E  _frmBat                            main
     00006032  _anim_Bat                          main
     00006036  _frmWitch                          main
     0000603E  _animLeft_Witch                    main
     00006042  _animRight_Witch                   main
     00006046  _Strlen                            main
     00006053  _Itoa                              main
     00006181  _Pause                             main
     0000618D  _PlayMusic                         main
     0000619D  _Interrupt                         main
     000061B6  _ClearScreen                       main
     000061CB  _GetTileNum                        main
     0000620A  _OnBackground                      main
     0000622B  _PrintMap                          main
     00006241  _PrintNumber                       main
     00006310  _PrintText                         main
     000063B3  _PrintFrame                        main
     000065F2  _PrintSmallBlueBox                 main
     0000662A  _PrintLevelInfo                    main
     000066CD  _PrintEndGame                      main
     0000682C  _ReturnKeyPressed                  main
     0000686F  _Wait4Key                          main
     0000688C  _RedefineKey                       main
     000068C4  _RefreshHighScore                  main
ASxxxx Linker V03.00 + NoICE + sdld,  page 12.
Hexadecimal  [32-Bits]

Area                                    Addr        Size        Decimal Bytes (Attributes)
--------------------------------        ----        ----        ------- ----- ------------
_CSEG                               00005F83    000043A6 =       17318. bytes (REL,CON)

      Value  Global                              Global Defined In Module
      -----  --------------------------------   ------------------------
     000068E2  _InitScoreboard                    main
     00006A4D  _RefreshScoreboard                 main
     00006B66  _ResetObjData                      main
     00006BBD  _PrintObject                       main
     00006BF3  _DeleteObject                      main
     00006C67  _PrintDust                         main
     00006CAB  _PrintCoin                         main
     00006CF1  _DeleteObjectInStore               main
     00006D2D  _PrintObjectInStore                main
     00006D60  _CheckObject                       main
     00006F4A  _ObjectCollision                   main
     00006FF7  _ReprintObject                     main
     00007291  _SetObject                         main
     000073F6  _AddObjectToScoreboard             main
     00007428  _PrintKey                          main
     0000744C  _CompareKeys                       main
     00007484  _CheckActiveTile                   main
     000076EA  _PrintSprite                       main
     00007719  _DeleteSprite                      main
     0000778A  _AssignFrame                       main
     000077CE  _SelectFrame                       main
     00007A44  _PrintExplosion                    main
     00007A8A  _ExplodeSprite                     main
     00007B66  _SpriteCollision                   main
     00007C37  _MoveUp                            main
     00007CC4  _MoveDown                          main
     00007D6A  _MoveLeft                          main
     00007DF4  _MoveRight                         main
     00007E7B  _WalkIn                            main
     00007EA2  _Stop                              main
     00007FF6  _WalkAnim                          main
     0000803A  _Walk                              main
     00008197  _RunStatus                         main
     000081AD  _PlayerLoop                        main
     0000822D  _ExplodePlayerInDuel               main
     00008298  _MakeDuel                          main
     00008657  _CheckDuel                         main
     000086A8  _MakeShot                          main
     00008700  _DeleteShot                        main
     00008769  _PrintShot                         main
     00008793  _MoveShot                          main
     000087CC  _PrintWizard                       main
     0000880D  _WizardAnim                        main
     000088C6  _MakeWizardAnim                    main
     00008922  _MoveEnemy                         main
     00008DB2  _SetEnemyParams                    main
     00008E24  _SetEnemies                        main
     000097BB  _CheckEnemyCollision               main
     00009902  _EnemyLoop                         main
     00009969  _PrintStartMenu                    main
     00009B4A  _PrintObjInfo                      main
ASxxxx Linker V03.00 + NoICE + sdld,  page 13.
Hexadecimal  [32-Bits]

Area                                    Addr        Size        Decimal Bytes (Attributes)
--------------------------------        ----        ----        ------- ----- ------------
_CSEG                               00005F83    000043A6 =       17318. bytes (REL,CON)

      Value  Global                              Global Defined In Module
      -----  --------------------------------   ------------------------
     00009D54  _StartMenu                         main
     00009F29  _InitValues                        main
     00009F73  _ResetData                         main
     0000A001  _InitGame                          main
     0000A057  _GameOver                          main
     0000A1A8  _main                              main

ASxxxx Linker V03.00 + NoICE + sdld,  page 14.
Hexadecimal  [32-Bits]

Area                                    Addr        Size        Decimal Bytes (Attributes)
--------------------------------        ----        ----        ------- ----- ------------
__g_completed0                      00000000    00000126 =         294. bytes (ABS,CON)

      Value  Global                              Global Defined In Module
      -----  --------------------------------   ------------------------
     0000049E  _g_completed                       

ASxxxx Linker V03.00 + NoICE + sdld,  page 15.
Hexadecimal  [32-Bits]

Area                                    Addr        Size        Decimal Bytes (Attributes)
--------------------------------        ----        ----        ------- ----- ------------
__g_end0                            00000000    00000172 =         370. bytes (ABS,CON)

      Value  Global                              Global Defined In Module
      -----  --------------------------------   ------------------------
     0000032C  _g_end                             

ASxxxx Linker V03.00 + NoICE + sdld,  page 16.
Hexadecimal  [32-Bits]

Area                                    Addr        Size        Decimal Bytes (Attributes)
--------------------------------        ----        ----        ------- ----- ------------
__g_fx0                             00000000    000001CD =         461. bytes (ABS,CON)

      Value  Global                              Global Defined In Module
      -----  --------------------------------   ------------------------
     000005C4  _g_fx                              

ASxxxx Linker V03.00 + NoICE + sdld,  page 17.
Hexadecimal  [32-Bits]

Area                                    Addr        Size        Decimal Bytes (Attributes)
--------------------------------        ----        ----        ------- ----- ------------
__g_ingame0                         00000000    00000676 =        1654. bytes (ABS,CON)

      Value  Global                              Global Defined In Module
      -----  --------------------------------   ------------------------
     00000791  _g_ingame                          

ASxxxx Linker V03.00 + NoICE + sdld,  page 18.
Hexadecimal  [32-Bits]

Area                                    Addr        Size        Decimal Bytes (Attributes)
--------------------------------        ----        ----        ------- ----- ------------
__g_menu0                           00000000    0000016A =         362. bytes (ABS,CON)

      Value  Global                              Global Defined In Module
      -----  --------------------------------   ------------------------
     00000E07  _g_menu                            

ASxxxx Linker V03.00 + NoICE + sdld,  page 19.
Hexadecimal  [32-Bits]

Area                                    Addr        Size        Decimal Bytes (Attributes)
--------------------------------        ----        ----        ------- ----- ------------
__g_start0                          00000000    0000012C =         300. bytes (ABS,CON)

      Value  Global                              Global Defined In Module
      -----  --------------------------------   ------------------------
     00000200  _g_start                           

ASxxxx Linker V03.00 + NoICE + sdld,  page 20.

Files Linked                              [ module(s) ]

obj/gfx/magic.rel                         [ magic ]
obj/gfx/goldframe.rel                     [ goldframe ]
obj/gfx/logo.rel                          [ logo ]
obj/sprites/wizard.rel                    [ wizard ]
obj/sprites/witch.rel                     [ witch ]
obj/sprites/door.rel                      [ door ]
obj/sprites/bat.rel                       [ bat ]
obj/sprites/ghost.rel                     [ ghost ]
obj/sprites/knight.rel                    [ knight ]
obj/sprites/sentinel.rel                  [ sentinel ]
obj/sprites/sorcerer2.rel                 [ sorcerer2 ]
obj/sprites/sorcerer1.rel                 [ sorcerer1 ]
obj/gfx/tiles.rel                         [ tiles ]
obj/map/mappk11.rel                       [  ]
obj/map/mappk10.rel                       [  ]
obj/map/mappk9.rel                        [  ]
obj/map/mappk8.rel                        [  ]
obj/map/mappk7.rel                        [  ]
obj/map/mappk6.rel                        [  ]
obj/map/mappk5.rel                        [  ]
obj/map/mappk4.rel                        [  ]
obj/map/mappk3.rel                        [  ]
obj/map/mappk2.rel                        [  ]
obj/map/mappk1.rel                        [  ]
obj/map/mappk0.rel                        [  ]
obj/main.rel                              [ main ]
obj/sprites/coin.rel                      [ coin ]
obj/sprites/dust.rel                      [ dust ]
obj/sprites/explosion.rel                 [ explosion ]
obj/gfx/font.rel                          [ font ]
obj/gfx/objects.rel                       [ objects ]
obj/sfx/completed.rel                     [  ]
obj/sfx/end.rel                           [  ]
obj/sfx/fx.rel                            [  ]
obj/sfx/ingame.rel                        [  ]
obj/sfx/menu.rel                          [  ]
obj/sfx/start.rel                         [  ]
obj/map/mappk0.h.rel                      [  ]
obj/map/mappk10.h.rel                     [  ]
obj/map/mappk11.h.rel                     [  ]
obj/map/mappk1.h.rel                      [  ]
obj/map/mappk2.h.rel                      [  ]
obj/map/mappk3.h.rel                      [  ]
obj/map/mappk4.h.rel                      [  ]
obj/map/mappk5.h.rel                      [  ]
obj/map/mappk6.h.rel                      [  ]
obj/map/mappk7.h.rel                      [  ]
obj/map/mappk8.h.rel                      [  ]
obj/map/mappk9.h.rel                      [  ]


Libraries Linked                          [ object file ]

/home/util01/AMSTRAD/cpctelera-development/cpctelera/tools/sdcc-3.6.8-r9946/bin/../share/sdcc/lib/z80/z80.lib
                                          [ divunsigned.rel ]
/home/util01/AMSTRAD/cpctelera-development/cpctelera/cpctelera.lib
                                          [ cpct_setPalette_cbindings.rel ]
/home/util01/AMSTRAD/cpctelera-development/cpctelera/cpctelera.lib
                                          [ cpct_isKeyPressed.rel ]
/home/util01/AMSTRAD/cpctelera-development/cpctelera/cpctelera.lib
                                          [ cpct_scanKeyboard_f.rel ]
/home/util01/AMSTRAD/cpctelera-development/cpctelera/cpctelera.lib
                                          [ cpct_setPALColour_cbindings.rel ]
/home/util01/AMSTRAD/cpctelera-development/cpctelera/cpctelera.lib
                                          [ arkostracker.rel ]
/home/util01/AMSTRAD/cpctelera-development/cpctelera/cpctelera.lib
                                          [ cpct_drawSprite_cbindings.rel ]
/home/util01/AMSTRAD/cpctelera-development/cpctelera/cpctelera.lib
                                          [ cpct_etm_drawTileBox2x4_cbinding ]
/home/util01/AMSTRAD/cpctelera-development/cpctelera/cpctelera.lib
                                          [ cpct_etm_setTileset2x4.rel ]
/home/util01/AMSTRAD/cpctelera-development/cpctelera/cpctelera.lib
                                          [ cpct_setSeed_lcg_u8.rel ]
/home/util01/AMSTRAD/cpctelera-development/cpctelera/cpctelera.lib
                                          [ keyboard.rel ]
/home/util01/AMSTRAD/cpctelera-development/cpctelera/cpctelera.lib
                                          [ cpct_etm_drawTileRow2x4.rel ]
/home/util01/AMSTRAD/cpctelera-development/cpctelera/cpctelera.lib
                                          [ cpct_getRandom_lcg_u8.rel ]
/home/util01/AMSTRAD/cpctelera-development/cpctelera/cpctelera.lib
                                          [ cpct_isAnyKeyPressed.rel ]
/home/util01/AMSTRAD/cpctelera-development/cpctelera/cpctelera.lib
                                          [ cpct_scanKeyboard_if.rel ]
/home/util01/AMSTRAD/cpctelera-development/cpctelera/cpctelera.lib
                                          [ cpct_zx7b_decrunch_s_cbindings.r ]
/home/util01/AMSTRAD/cpctelera-development/cpctelera/cpctelera.lib
                                          [ cpct_waitVSYNC.rel ]
/home/util01/AMSTRAD/cpctelera-development/cpctelera/cpctelera.lib
                                          [ cpct_setVideoMode_cbindings.rel ]
/home/util01/AMSTRAD/cpctelera-development/cpctelera/cpctelera.lib
                                          [ cpct_px2byteM0_cbindings.rel ]
/home/util01/AMSTRAD/cpctelera-development/cpctelera/cpctelera.lib
                                          [ cpct_memset_cbinding.rel ]
/home/util01/AMSTRAD/cpctelera-development/cpctelera/cpctelera.lib
                                          [ cpct_removeInterruptHandler.rel ]
/home/util01/AMSTRAD/cpctelera-development/cpctelera/cpctelera.lib
                                          [ cpct_drawSolidBox_cbindings.rel ]
/home/util01/AMSTRAD/cpctelera-development/cpctelera/cpctelera.lib
                                          [ cpct_drawTileAligned2x4_f_asmbin ]
/home/util01/AMSTRAD/cpctelera-development/cpctelera/tools/sdcc-3.6.8-r9946/bin/../share/sdcc/lib/z80/z80.lib
                                          [ modsigned.rel ]
/home/util01/AMSTRAD/cpctelera-development/cpctelera/cpctelera.lib
                                          [ cpc_mode_rom_status.rel ]
/home/util01/AMSTRAD/cpctelera-development/cpctelera/cpctelera.lib
                                          [ cpct_getScreenPtr_cbindings.rel ]
/home/util01/AMSTRAD/cpctelera-development/cpctelera/cpctelera.lib
                                          [ cpct_drawSpriteMaskedAlignedTabl ]
/home/util01/AMSTRAD/cpctelera-development/cpctelera/cpctelera.lib
                                          [ cpct_scanKeyboard.rel ]
/home/util01/AMSTRAD/cpctelera-development/cpctelera/cpctelera.lib
                                          [ cpct_setInterruptHandler.rel ]
/home/util01/AMSTRAD/cpctelera-development/cpctelera/tools/sdcc-3.6.8-r9946/bin/../share/sdcc/lib/z80/z80.lib
                                          [ divsigned.rel ]
/home/util01/AMSTRAD/cpctelera-development/cpctelera/cpctelera.lib
                                          [ cpct_dc_mode0_ct.rel ]

ASxxxx Linker V03.00 + NoICE + sdld,  page 21.

User Base Address Definitions

_CODE = 0x1601
_DATA = 0x0000

